[36mvite v7.3.0 [32mbuilding client environment for production...[36m[39m
transforming...
[32mΓ£ô[39m 3112 modules transformed.
node.exe : 
[31mΓ£ù[39m Build 
failed in 11.12s
At line:1 char:1
+ & "C:\Program Files
\nodejs/node.exe" "C:
\Users\sagar\AppData\
Roaming\ ...
+ ~~~~~~~~~~~~~~~~~~~
~~~~~~~~~~~~~~~~~~~~~
~~~~~~~~~~~~~~~~~~~~~
~~~~~~~~
    + CategoryInfo   
           : NotSpe  
  cified: ([31mΓ£   
 ù[39m Build fai    
led in 11.12s:St    
ring) [], Remote    
Exception
    + FullyQualified 
   ErrorId : Native  
  CommandError
 
[31merror during 
build:
[31mCould not 
resolve entry module 
"react-router-dom".[
31m
    at 
getRollupError (file:
///C:/Users/sagar/One
Drive/Desktop/mocktes
t%20app%20for%20quant
um%20leap/node_module
s/rollup/dist/es/shar
ed/parseAst.js:401:41
)
    at error (file://
/C:/Users/sagar/OneDr
ive/Desktop/mocktest%
20app%20for%20quantum
%20leap/node_modules/
rollup/dist/es/shared
/parseAst.js:397:42)
    at ModuleLoader.l
oadEntryModule (file:
///C:/Users/sagar/One
Drive/Desktop/mocktes
t%20app%20for%20quant
um%20leap/node_module
s/rollup/dist/es/shar
ed/node-entry.js:2173
1:20)
    at async 
Promise.all (index 2)
    at async 
Promise.all (index 
0)[39m
