
[1m[46m RUN [49m[22m [36mv4.0.18 [39m[90mC:/Users/sagar/OneDrive/Desktop/mocktest app for quantum leap[39m

 [31mΓ¥»[39m src/sections/Login.test.tsx [2m([22m[2m0 test[22m[2m)[22m
node.exe : 
At line:1 char:1
+ & "C:\Program Files
\nodejs/node.exe" "C:
\Users\sagar\AppData\
Roaming\ ...
+ ~~~~~~~~~~~~~~~~~~~
~~~~~~~~~~~~~~~~~~~~~
~~~~~~~~~~~~~~~~~~~~~
~~~~~~~~
    + CategoryInfo   
           : NotSpe  
  cified: (:String   
 ) [], RemoteExce    
ption
    + FullyQualified 
   ErrorId : Native  
  CommandError
 
[31mΓÄ»ΓÄ»ΓÄ»ΓÄ»ΓÄ»Γ
Ä»[39m[1m[41m 
Failed Suites 1 [49m
[22m[31mΓÄ»ΓÄ»ΓÄ»ΓÄ
»ΓÄ»ΓÄ»ΓÄ»[39m

[41m[1m FAIL 
[22m[49m src/sectio
ns/Login.test.tsx[2m
 [ src/sections/Login
.test.tsx ][22m
[31m[1mError[22m: 
Failed to resolve 
import "@testing-libr
ary/user-event" from 
"src/sections/Login.t
est.tsx". Does the 
file exist?[39m
  Plugin: [35mvite:i
mport-analysis[39m
  File: [36mC:/Users
/sagar/OneDrive/Deskt
op/mocktest app for 
quantum leap/src/sect
ions/Login.test.tsx[
39m:4:0
[33m  65 |  const 
__vi_import_1__ = 
await import("@testin
g-library/react");
  66 |  const 
__vi_import_2__ = 
await 
import("./Login");
  67 |  const 
__vi_import_3__ = 
await import("@testin
g-library/user-event"
);
     |               
                     
   ^
  68 |  
  69 |  [39m
[90m [2mΓ¥»[22m Tr
ansformPluginContext.
_formatLog ../mocktes
t%20app%20for%20quant
um%20leap/node_module
s/vite/dist/node/chun
ks/config.js:[2m2899
8:43[22m[39m
[90m [2mΓ¥»[22m Tr
ansformPluginContext.
error ../mocktest%20a
pp%20for%20quantum%20
leap/node_modules/vit
e/dist/node/chunks/co
nfig.js:[2m28995:14
[22m[39m
[90m [2mΓ¥»[22m 
normalizeUrl ../mockt
est%20app%20for%20qua
ntum%20leap/node_modu
les/vite/dist/node/ch
unks/config.js:[2m27
118:18[22m[39m
[90m [2mΓ¥»[22m ..
/mocktest%20app%20for
%20quantum%20leap/nod
e_modules/vite/dist/n
ode/chunks/config.js:
[2m27176:32[22m[39
m
[90m [2mΓ¥»[22m Tr
ansformPluginContext.
transform ../mocktest
%20app%20for%20quantu
m%20leap/node_modules
/vite/dist/node/chunk
s/config.js:[2m27144
:4[22m[39m
[90m [2mΓ¥»[22m En
vironmentPluginContai
ner.transform ../mock
test%20app%20for%20qu
antum%20leap/node_mod
ules/vite/dist/node/c
hunks/config.js:[2m2
8796:14[22m[39m
[90m [2mΓ¥»[22m 
loadAndTransform ../m
ocktest%20app%20for%2
0quantum%20leap/node_
modules/vite/dist/nod
e/chunks/config.js:[
2m22669:26[22m[39m

[31m[2mΓÄ»ΓÄ»ΓÄ»ΓÄ»
ΓÄ»ΓÄ»ΓÄ»ΓÄ»ΓÄ»ΓÄ»ΓÄ»
ΓÄ»ΓÄ»ΓÄ»ΓÄ»ΓÄ»ΓÄ»ΓÄ»
ΓÄ»ΓÄ»ΓÄ»ΓÄ»ΓÄ»ΓÄ»[1/
1]ΓÄ»[22m[39m


[2m Test Files [22m [1m[31m1 failed[39m[22m[90m (1)[39m
[2m      Tests [22m [2mno tests[22m
[2m   Start at [22m 16:18:12
[2m   Duration [22m 4.22s[2m (transform 49ms, setup 288ms, import 0ms, tests 0ms, environment 3.36s)[22m

